<svg xmlns="http://www.w3.org/2000/svg" width="1200" height="627" viewBox="0 0 1200 627">
  <defs>
    <linearGradient id="bg" x1="0" x2="0" y1="0" y2="1">
      <stop offset="0%" stop-color="#faf8f5"/>
      <stop offset="100%" stop-color="#f3f0eb"/>
    </linearGradient>
    <linearGradient id="chartBg" x1="0" y1="0" x2="0" y2="1">
      <stop offset="0%" stop-color="#fffffe" stop-opacity="0.6"/>
      <stop offset="100%" stop-color="#fffffe" stop-opacity="0"/>
    </linearGradient>
  </defs>

  <!-- Background -->
  <rect width="1200" height="627" fill="url(#bg)"/>

  <!-- Header: Hero headline + subtitle -->
  <text x="48" y="56" font-family="system-ui, -apple-system, 'Segoe UI', Roboto, Helvetica, Arial, sans-serif" font-size="32" font-weight="800" fill="#1a1815">
    Nigeria catches United States in 97 years
  </text>
  <text x="48" y="92" font-family="system-ui, -apple-system, 'Segoe UI', Roboto, Helvetica, Arial, sans-serif" font-size="15" font-weight="500" fill="#5c574f">
    By 2120 · GDP per capita (PPP) · constant 2021 int$ · Nigeria → United States
  </text>

  <!-- Data source pill -->
  <g transform="translate(1020, 30)">
    <rect width="132" height="28" rx="14" fill="#fffffe" stroke="#e5e0d8"/>
    <text x="66" y="18" text-anchor="middle" font-family="system-ui, -apple-system, 'Segoe UI', Roboto, Helvetica, Arial, sans-serif" font-size="12" font-weight="600" fill="#5c574f">
      World Bank
    </text>
  </g>

  <!-- Chart area -->
  <rect x="48" y="150" width="1104" height="337" rx="12" fill="url(#chartBg)" stroke="#e5e0d8" stroke-opacity="0.5"/>

  
  <!-- Grid lines -->
  <g stroke="#e5e0d8" stroke-dasharray="3,3" stroke-opacity="0.6">
    <line x1="108" y1="447" x2="1092" y2="447"/>
    <line x1="108" y1="380.24859654228743" x2="1092" y2="380.24859654228743"/>
    <line x1="108" y1="313.5001477323908" x2="1092" y2="313.5001477323908"/>
    <line x1="108" y1="246.74874427467822" x2="1092" y2="246.74874427467822"/>
    <line x1="108" y1="180.00029546478163" x2="1092" y2="180.00029546478163"/>
  </g>

  <!-- Y-axis labels -->
  <g font-family="system-ui, -apple-system, 'Segoe UI', Roboto, Helvetica, Arial, sans-serif" font-size="11" fill="#8a847a">
    <text x="100" y="447" text-anchor="end" dominant-baseline="middle">$0</text>
    <text x="100" y="380.24859654228743" text-anchor="end" dominant-baseline="middle">$22.6K</text>
    <text x="100" y="313.5001477323908" text-anchor="end" dominant-baseline="middle">$45.2K</text>
    <text x="100" y="246.74874427467822" text-anchor="end" dominant-baseline="middle">$67.8K</text>
    <text x="100" y="180.00029546478163" text-anchor="end" dominant-baseline="middle">$90.4K</text>
  </g>

  <!-- X-axis labels -->
  <g font-family="system-ui, -apple-system, 'Segoe UI', Roboto, Helvetica, Arial, sans-serif" font-size="11" fill="#8a847a">
    <text x="108" y="465" text-anchor="middle">2023</text>
    <text x="366.9473684210526" y="465" text-anchor="middle">2028</text>
    <text x="625.8947368421052" y="465" text-anchor="middle">2033</text>
    <text x="884.8421052631579" y="465" text-anchor="middle">2038</text>
  </g>

  <!-- Phase split backgrounds -->
  

  <!-- Convergence marker -->
  

  <!-- Observed target line (dashed, faded) -->
  

  <!-- Observed chaser line (solid, faded) -->
  

  <!-- Connector lines bridging observed → projected -->
  
  

  <!-- Projected target line (dashed) -->
  <path d="M 108.0 246.1 L 159.8 244.1 L 211.6 242.0 L 263.4 240.0 L 315.2 237.9 L 366.9 235.8 L 418.7 233.7 L 470.5 231.6 L 522.3 229.4 L 574.1 227.3 L 625.9 225.1 L 677.7 222.8 L 729.5 220.6 L 781.3 218.3 L 833.1 216.1 L 884.8 213.7 L 936.6 211.4 L 988.4 209.1 L 1040.2 206.7 L 1092.0 204.3" fill="none" stroke="#059669" stroke-width="3" stroke-linecap="round" stroke-linejoin="round" stroke-dasharray="7,5"/>

  <!-- Projected chaser line (solid) -->
  <path d="M 108.0 431.0 L 159.8 430.6 L 211.6 430.1 L 263.4 429.6 L 315.2 429.0 L 366.9 428.5 L 418.7 427.9 L 470.5 427.4 L 522.3 426.8 L 574.1 426.2 L 625.9 425.6 L 677.7 424.9 L 729.5 424.3 L 781.3 423.6 L 833.1 422.9 L 884.8 422.1 L 936.6 421.4 L 988.4 420.6 L 1040.2 419.8 L 1092.0 419.0" fill="none" stroke="#ea580c" stroke-width="3" stroke-linecap="round" stroke-linejoin="round"/>

  <!-- End point dots -->
  
  <circle cx="1092" cy="419.0224398308658" r="5" fill="#ea580c"/>
  <circle cx="1092" cy="204.27272727272728" r="5" fill="#059669"/>
  

  <!-- Legend -->
  <g transform="translate(1100, 180)">
    <rect x="-4" y="-6" width="52" height="48" rx="6" fill="#fffffe" fill-opacity="0.9" stroke="#e5e0d8" stroke-opacity="0.5"/>
    <circle cx="6" cy="8" r="4" fill="#ea580c"/>
    <text x="16" y="12" font-family="system-ui, -apple-system, 'Segoe UI', Roboto, Helvetica, Arial, sans-serif" font-size="10" font-weight="500" fill="#5c574f">Niger…</text>
    <circle cx="6" cy="28" r="4" fill="#059669"/>
    <text x="16" y="32" font-family="system-ui, -apple-system, 'Segoe UI', Roboto, Helvetica, Arial, sans-serif" font-size="10" font-weight="500" fill="#5c574f">Unite…</text>
  </g>
  

  <!-- Stat cards -->
  <g transform="translate(48, 497)">
    
    <g transform="translate(0, 0)">
      <rect width="360" height="70" rx="10" fill="#fffffe" stroke="#e5e0d8"/>
      <text x="14" y="22" font-family="system-ui, -apple-system, 'Segoe UI', Roboto, Helvetica, Arial, sans-serif" font-size="10" font-weight="700" fill="#8a847a" letter-spacing="0.8">TIME TO CONVERGE</text>
      <text x="14" y="50" font-family="system-ui, -apple-system, 'Segoe UI', Roboto, Helvetica, Arial, sans-serif" font-size="22" font-weight="700" fill="#1a1815">97 years</text>
    </g>
    
    <g transform="translate(372, 0)">
      <rect width="360" height="70" rx="10" fill="#fffffe" stroke="#e5e0d8"/>
      <text x="14" y="22" font-family="system-ui, -apple-system, 'Segoe UI', Roboto, Helvetica, Arial, sans-serif" font-size="10" font-weight="700" fill="#8a847a" letter-spacing="0.8">CURRENT GAP</text>
      <text x="14" y="50" font-family="system-ui, -apple-system, 'Segoe UI', Roboto, Helvetica, Arial, sans-serif" font-size="22" font-weight="700" fill="#1a1815">12.6×</text>
    </g>
    
    <g transform="translate(744, 0)">
      <rect width="360" height="70" rx="10" fill="#fffffe" stroke="#e5e0d8"/>
      <text x="14" y="22" font-family="system-ui, -apple-system, 'Segoe UI', Roboto, Helvetica, Arial, sans-serif" font-size="10" font-weight="700" fill="#8a847a" letter-spacing="0.8">GROWTH RATES</text>
      <text x="14" y="50" font-family="system-ui, -apple-system, 'Segoe UI', Roboto, Helvetica, Arial, sans-serif" font-size="22" font-weight="700" fill="#1a1815">3.0% / 1.0%</text>
    </g>
    
  </g>

  <!-- Footer -->
  <line x1="48" y1="577" x2="1152" y2="577" stroke="#e5e0d8" stroke-opacity="0.5"/>
  <text x="48" y="609" font-family="system-ui, -apple-system, 'Segoe UI', Roboto, Helvetica, Arial, sans-serif" font-size="13" fill="#8a847a">convergence.example.com</text>
  <text x="1152" y="609" text-anchor="end" font-family="system-ui, -apple-system, 'Segoe UI', Roboto, Helvetica, Arial, sans-serif" font-size="11" fill="#8a847a">Data: World Bank</text>
</svg>