<svg xmlns="http://www.w3.org/2000/svg" width="1200" height="675" viewBox="0 0 1200 675">
  <defs>
    <linearGradient id="bg" x1="0" x2="0" y1="0" y2="1">
      <stop offset="0%" stop-color="#faf8f5"/>
      <stop offset="100%" stop-color="#f3f0eb"/>
    </linearGradient>
    <linearGradient id="chartBg" x1="0" y1="0" x2="0" y2="1">
      <stop offset="0%" stop-color="#fffffe" stop-opacity="0.6"/>
      <stop offset="100%" stop-color="#fffffe" stop-opacity="0"/>
    </linearGradient>
  </defs>

  <!-- Background -->
  <rect width="1200" height="675" fill="url(#bg)"/>

  <!-- Header: Hero headline + subtitle -->
  <text x="48" y="56" font-family="system-ui, -apple-system, 'Segoe UI', Roboto, Helvetica, Arial, sans-serif" font-size="32" font-weight="800" fill="#1a1815">
    Nigeria catches United States in 97 years
  </text>
  <text x="48" y="92" font-family="system-ui, -apple-system, 'Segoe UI', Roboto, Helvetica, Arial, sans-serif" font-size="15" font-weight="500" fill="#5c574f">
    By 2120 · GDP per capita (PPP) · constant 2021 int$ · Nigeria → United States
  </text>

  <!-- Data source pill -->
  <g transform="translate(1020, 30)">
    <rect width="132" height="28" rx="14" fill="#fffffe" stroke="#e5e0d8"/>
    <text x="66" y="18" text-anchor="middle" font-family="system-ui, -apple-system, 'Segoe UI', Roboto, Helvetica, Arial, sans-serif" font-size="12" font-weight="600" fill="#5c574f">
      World Bank
    </text>
  </g>

  <!-- Chart area -->
  <rect x="48" y="150" width="1104" height="385" rx="12" fill="url(#chartBg)" stroke="#e5e0d8" stroke-opacity="0.5"/>

  
  <!-- Grid lines -->
  <g stroke="#e5e0d8" stroke-dasharray="3,3" stroke-opacity="0.6">
    <line x1="108" y1="495" x2="1092" y2="495"/>
    <line x1="108" y1="416.2483442352829" x2="1092" y2="416.2483442352829"/>
    <line x1="108" y1="337.50017429102286" x2="1092" y2="337.50017429102286"/>
    <line x1="108" y1="258.74851852630576" x2="1092" y2="258.74851852630576"/>
    <line x1="108" y1="180.00034858204572" x2="1092" y2="180.00034858204572"/>
  </g>

  <!-- Y-axis labels -->
  <g font-family="system-ui, -apple-system, 'Segoe UI', Roboto, Helvetica, Arial, sans-serif" font-size="11" fill="#8a847a">
    <text x="100" y="495" text-anchor="end" dominant-baseline="middle">$0</text>
    <text x="100" y="416.2483442352829" text-anchor="end" dominant-baseline="middle">$22.6K</text>
    <text x="100" y="337.50017429102286" text-anchor="end" dominant-baseline="middle">$45.2K</text>
    <text x="100" y="258.74851852630576" text-anchor="end" dominant-baseline="middle">$67.8K</text>
    <text x="100" y="180.00034858204572" text-anchor="end" dominant-baseline="middle">$90.4K</text>
  </g>

  <!-- X-axis labels -->
  <g font-family="system-ui, -apple-system, 'Segoe UI', Roboto, Helvetica, Arial, sans-serif" font-size="11" fill="#8a847a">
    <text x="108" y="513" text-anchor="middle">2023</text>
    <text x="366.9473684210526" y="513" text-anchor="middle">2028</text>
    <text x="625.8947368421052" y="513" text-anchor="middle">2033</text>
    <text x="884.8421052631579" y="513" text-anchor="middle">2038</text>
  </g>

  <!-- Convergence marker -->
  

  <!-- Target line (dashed) -->
  <path d="M 108.0 258.0 L 159.8 255.6 L 211.6 253.2 L 263.4 250.8 L 315.2 248.3 L 366.9 245.9 L 418.7 243.4 L 470.5 240.9 L 522.3 238.3 L 574.1 235.8 L 625.9 233.2 L 677.7 230.5 L 729.5 227.9 L 781.3 225.2 L 833.1 222.5 L 884.8 219.8 L 936.6 217.1 L 988.4 214.3 L 1040.2 211.5 L 1092.0 208.6" fill="none" stroke="#059669" stroke-width="3" stroke-linecap="round" stroke-linejoin="round" stroke-dasharray="7,5"/>

  <!-- Chaser line (solid) -->
  <path d="M 108.0 476.2 L 159.8 475.6 L 211.6 475.0 L 263.4 474.4 L 315.2 473.8 L 366.9 473.2 L 418.7 472.5 L 470.5 471.9 L 522.3 471.2 L 574.1 470.4 L 625.9 469.7 L 677.7 468.9 L 729.5 468.2 L 781.3 467.4 L 833.1 466.5 L 884.8 465.7 L 936.6 464.8 L 988.4 463.9 L 1040.2 463.0 L 1092.0 462.0" fill="none" stroke="#ea580c" stroke-width="3" stroke-linecap="round" stroke-linejoin="round"/>

  <!-- End point dots -->
  
  <circle cx="1092" cy="461.9927660925945" r="5" fill="#ea580c"/>
  <circle cx="1092" cy="208.63636363636363" r="5" fill="#059669"/>
  

  <!-- Legend -->
  <g transform="translate(1100, 180)">
    <rect x="-4" y="-6" width="52" height="48" rx="6" fill="#fffffe" fill-opacity="0.9" stroke="#e5e0d8" stroke-opacity="0.5"/>
    <circle cx="6" cy="8" r="4" fill="#ea580c"/>
    <text x="16" y="12" font-family="system-ui, -apple-system, 'Segoe UI', Roboto, Helvetica, Arial, sans-serif" font-size="10" font-weight="500" fill="#5c574f">Niger…</text>
    <circle cx="6" cy="28" r="4" fill="#059669"/>
    <text x="16" y="32" font-family="system-ui, -apple-system, 'Segoe UI', Roboto, Helvetica, Arial, sans-serif" font-size="10" font-weight="500" fill="#5c574f">Unite…</text>
  </g>
  

  <!-- Stat cards -->
  <g transform="translate(48, 545)">
    
    <g transform="translate(0, 0)">
      <rect width="360" height="70" rx="10" fill="#fffffe" stroke="#e5e0d8"/>
      <text x="14" y="22" font-family="system-ui, -apple-system, 'Segoe UI', Roboto, Helvetica, Arial, sans-serif" font-size="10" font-weight="700" fill="#8a847a" letter-spacing="0.8">TIME TO CONVERGE</text>
      <text x="14" y="50" font-family="system-ui, -apple-system, 'Segoe UI', Roboto, Helvetica, Arial, sans-serif" font-size="22" font-weight="700" fill="#1a1815">97 years</text>
    </g>
    
    <g transform="translate(372, 0)">
      <rect width="360" height="70" rx="10" fill="#fffffe" stroke="#e5e0d8"/>
      <text x="14" y="22" font-family="system-ui, -apple-system, 'Segoe UI', Roboto, Helvetica, Arial, sans-serif" font-size="10" font-weight="700" fill="#8a847a" letter-spacing="0.8">CURRENT GAP</text>
      <text x="14" y="50" font-family="system-ui, -apple-system, 'Segoe UI', Roboto, Helvetica, Arial, sans-serif" font-size="22" font-weight="700" fill="#1a1815">12.6×</text>
    </g>
    
    <g transform="translate(744, 0)">
      <rect width="360" height="70" rx="10" fill="#fffffe" stroke="#e5e0d8"/>
      <text x="14" y="22" font-family="system-ui, -apple-system, 'Segoe UI', Roboto, Helvetica, Arial, sans-serif" font-size="10" font-weight="700" fill="#8a847a" letter-spacing="0.8">GROWTH RATES</text>
      <text x="14" y="50" font-family="system-ui, -apple-system, 'Segoe UI', Roboto, Helvetica, Arial, sans-serif" font-size="22" font-weight="700" fill="#1a1815">3.0% / 1.0%</text>
    </g>
    
  </g>

  <!-- Footer -->
  <line x1="48" y1="625" x2="1152" y2="625" stroke="#e5e0d8" stroke-opacity="0.5"/>
  <text x="48" y="657" font-family="system-ui, -apple-system, 'Segoe UI', Roboto, Helvetica, Arial, sans-serif" font-size="13" fill="#8a847a">convergence.example.com</text>
  <text x="1152" y="657" text-anchor="end" font-family="system-ui, -apple-system, 'Segoe UI', Roboto, Helvetica, Arial, sans-serif" font-size="11" fill="#8a847a">Data: World Bank</text>
</svg>